{"synthetic": false,
 "schemaVersion": "2025-09-10",
 "outputs":
 {"o": ["d07efdfb1d65d970.olean"],
  "m": false,
  "i": "a198d0ecf37b37ad.ilean",
  "c": "cbe602075e5390ae.c"},
 "log":
 [{"message":
   ".> LEAN_PATH=/private/tmp/xiuxian-deps-green/packages/proofs/was-modernization-proof/.lake/build/lib/lean /Users/guangtao/.elan/toolchains/leanprover--lean4---v4.33.1/bin/lean /private/tmp/xiuxian-deps-green/packages/proofs/was-modernization-proof/WasModernization.lean -o /private/tmp/xiuxian-deps-green/packages/proofs/was-modernization-proof/.lake/build/lib/lean/WasModernization.olean -i /private/tmp/xiuxian-deps-green/packages/proofs/was-modernization-proof/.lake/build/lib/lean/WasModernization.ilean -c /private/tmp/xiuxian-deps-green/packages/proofs/was-modernization-proof/.lake/build/ir/WasModernization.c --setup /private/tmp/xiuxian-deps-green/packages/proofs/was-modernization-proof/.lake/build/ir/WasModernization.setup.json --json",
   "level": "trace"}],
 "inputs":
 [["deps",
   [["«was-modernization-proof»/WasModernization:extraDep",
     [["@«was-modernization-proof»:extraDep", "00000000000006bb"]]],
    ["imports",
     [["WasModernization.Architecture transitive imports (legacy)",
       "00000000000006bb"],
      ["WasModernization.Architecture:importAllArts", "35d296ce95d76eec"]]]]],
  ["libs",
   [["import dynlibs", "00000000000006bb"],
    ["package external libraries", "00000000000006bb"],
    ["module dynlibs", "00000000000006bb"],
    ["module plugins", "00000000000006bb"]]],
  ["Lean 4.33.1, commit 819816b2e0a3bf405af45ae5c7af2491d8f5bee6",
   "0051240b7c23c453"],
  ["/private/tmp/xiuxian-deps-green/packages/proofs/was-modernization-proof/WasModernization.lean",
   "3409233b0e6cc9bc"],
  ["options", "00000000000006bb"],
  ["isModule: false", "feefd2a0d3a1847e"],
  ["Module.name: WasModernization", "807d9880b95468a1"],
  ["Package.id?: (some was-modernization-proof)", "f4c6c900264dea62"],
  ["Module.leanArgs: #[]", "00000000000006bb"]],
 "depHash": "54c31b790cba55df"}